{
  "compilerOptions": {
    "outDir": "./dist",
    "module": "commonjs",
    "target": "es6",
    "strict": true,
    "esModuleInterop": true,
    "declaration": true
  },
  "include": [
    "index.ts",
    "fetch.pb.ts",
    "api/grpc/control_plane_api.pb.ts",
    "api/grpc/velez_api.pb.ts"
  ],
  "exclude": [
    "node_modules"
  ]
}